ets Jul 29 2019 12:21:46

rst:0x1 (POWERON_RESET),boot:0x12 (SPI_FAST_FLASH_BOOT)
configsip: 0, SPIWP:0xee
clk_drv:0x00,q_drv:0x00,d_drv:0x00,cs0_drv:0x00,hd_drv:0x00,wp_drv:0x00
mode:DIO, clock div:2
load:0x3fff0030,len:7172
load:0x40078000,len:15540
load:0x40080400,len:4
ho 8 tail 4 room 4
load:0x40080404,len:3904
entry 0x40080640
[0;32mI (31) boot: ESP-IDF v5.2.1 2nd stage bootloader[0m
[0;32mI (31) boot: compile time Mar 27 2024 19:50:26[0m
[0;32mI (31) boot: Multicore bootloader[0m
[0;32mI (35) boot: chip revision: v3.0[0m
[0;32mI (39) boot.esp32: SPI Speed      : 40MHz[0m
[0;32mI (44) boot.esp32: SPI Mode       : DIO[0m
[0;32mI (48) boot.esp32: SPI Flash Size : 2MB[0m
[0;32mI (53) boot: Enabling RNG early entropy source...[0m
[0;32mI (58) boot: Partition Table:[0m
[0;32mI (62) boot: ## Label            Usage          Type ST Offset   Length[0m
[0;32mI (69) boot:  0 nvs              WiFi data        01 02 00009000 00006000[0m
[0;32mI (77) boot:  1 phy_init         RF data          01 01 0000f000 00001000[0m
[0;32mI (84) boot:  2 factory          factory app      00 00 00010000 00100000[0m
[0;32mI (92) boot: End of partition table[0m
[0;32mI (96) esp_image: segment 0: paddr=00010020 vaddr=3f400020 size=24990h (149904) map[0m
[0;32mI (156) esp_image: segment 1: paddr=000349b8 vaddr=3ffb0000 size=03bd4h ( 15316) load[0m
[0;32mI (162) esp_image: segment 2: paddr=00038594 vaddr=40080000 size=07a84h ( 31364) load[0m
[0;32mI (174) esp_image: segment 3: paddr=00040020 vaddr=400d0020 size=92e68h (601704) map[0m
[0;32mI (380) esp_image: segment 4: paddr=000d2e90 vaddr=40087a84 size=0ebf8h ( 60408) load[0m
[0;32mI (416) boot: Loaded app from partition at offset 0x10000[0m
[0;32mI (416) boot: Disabling RNG early entropy source...[0m
[0;32mI (427) cpu_start: Multicore app[0m
[0;32mI (436) cpu_start: Pro cpu start user code[0m
[0;32mI (436) cpu_start: cpu freq: 160000000 Hz[0m
[0;32mI (436) cpu_start: Application information:[0m
[0;32mI (439) cpu_start: Project name:     ESP_Test[0m
[0;32mI (444) cpu_start: App version:      1[0m
[0;32mI (449) cpu_start: Compile time:     Mar 27 2024 19:50:19[0m
[0;32mI (455) cpu_start: ELF file SHA256:  a28c51375...[0m
[0;32mI (460) cpu_start: ESP-IDF:          v5.2.1[0m
[0;32mI (465) cpu_start: Min chip rev:     v0.0[0m
[0;32mI (470) cpu_start: Max chip rev:     v3.99 [0m
[0;32mI (474) cpu_start: Chip rev:         v3.0[0m
[0;32mI (479) heap_init: Initializing. RAM available for dynamic allocation:[0m
[0;32mI (486) heap_init: At 3FFAE6E0 len 00001920 (6 KiB): DRAM[0m
[0;32mI (492) heap_init: At 3FFB8470 len 00027B90 (158 KiB): DRAM[0m
[0;32mI (499) heap_init: At 3FFE0440 len 00003AE0 (14 KiB): D/IRAM[0m
[0;32mI (505) heap_init: At 3FFE4350 len 0001BCB0 (111 KiB): D/IRAM[0m
[0;32mI (511) heap_init: At 4009667C len 00009984 (38 KiB): IRAM[0m
[0;32mI (519) spi_flash: detected chip: generic[0m
[0;32mI (522) spi_flash: flash io: dio[0m
[0;33mW (526) spi_flash: Detected size(4096k) larger than the size in the binary image header(2048k). Using the size in the binary image header.[0m
[0;32mI (540) main_task: Started on CPU0[0m
[0;32mI (550) main_task: Calling app_main()[0m
I (600) wifi:wifi driver task: 3ffc0740, prio:23, stack:6656, core=0
I (620) wifi:wifi firmware version: a9f5b59
I (620) wifi:wifi certification version: v7.0
I (620) wifi:config NVS flash: enabled
I (620) wifi:config nano formating: disabled
I (630) wifi:Init data frame dynamic rx buffer num: 32
I (630) wifi:Init static rx mgmt buffer num: 5
I (640) wifi:Init management short buffer num: 32
I (640) wifi:Init dynamic tx buffer num: 32
I (640) wifi:Init static rx buffer size: 1600
I (650) wifi:Init static rx buffer num: 10
I (650) wifi:Init dynamic rx buffer num: 32
[0;32mI (660) wifi_init: rx ba win: 6[0m
[0;32mI (660) wifi_init: tcpip mbox: 32[0m
[0;32mI (660) wifi_init: udp mbox: 6[0m
[0;32mI (670) wifi_init: tcp mbox: 6[0m
[0;32mI (670) wifi_init: tcp tx win: 5760[0m
[0;32mI (680) wifi_init: tcp rx win: 5760[0m
[0;32mI (680) wifi_init: tcp mss: 1440[0m
[0;32mI (680) wifi_init: WiFi IRAM OP enabled[0m
[0;32mI (690) wifi_init: WiFi RX IRAM OP enabled[0m
[0;32mI (700) phy_init: phy_version 4791,2c4672b,Dec 20 2023,16:06:06[0m
I (790) wifi:mode : sta (a8:42:e3:90:af:c4) + softAP (a8:42:e3:90:af:c5)
I (790) wifi:enable tsf
I (800) wifi:Total power save buffer number: 16
I (800) wifi:Init max length of beacon: 752/752
I (800) wifi:Init max length of beacon: 752/752
E (810) wifi:sta is connecting, return error
[0;32mI (810) esp_netif_lwip: DHCP server started on interface WIFI_AP_DEF with IP: 192.168.10.1[0m
I (810) wifi:new:<1,1>, old:<1,1>, ap:<1,1>, sta:<1,0>, prof:1
I (820) wifi:state: init -> auth (b0)
I (830) wifi:state: auth -> assoc (0)
I (830) wifi:state: assoc -> run (10)
[0;32mI (840) webserver: Starting server on port: '80'[0m
[0;32mI (840) webserver: Registering URI handlers[0m
[0;32mI (840) main_task: Returned from app_main()[0m
I (870) wifi:connected with AirPort-5G, aid = 9, channel 1, BW20, bssid = 22:06:24:83:bd:c2
I (870) wifi:security: WPA2-PSK, phy: bgn, rssi: -57
I (870) wifi:pm start, type: 1

I (880) wifi:dp: 1, bi: 102400, li: 3, scale listen interval from 307200 us to 307200 us
I (960) wifi:AP's beacon interval = 102400 us, DTIM period = 1
I (1270) wifi:<ba-add>idx:0 (ifx:0, 22:06:24:83:bd:c2), tid:0, ssn:0, winSize:64
[0;32mI (1880) esp_netif_handlers: sta ip: 192.168.2.36, mask: 255.255.255.0, gw: 192.168.2.1[0m
[0;32mI (1880) wifi_module: got ip:192.168.2.36[0m
ets Jul 29 2019 12:21:46

rst:0x1 (POWERON_RESET),boot:0x12 (SPI_FAST_FLASH_BOOT)
configsip: 0, SPIWP:0xee
clk_drv:0x00,q_drv:0x00,d_drv:0x00,cs0_drv:0x00,hd_drv:0x00,wp_drv:0x00
mode:DIO, clock div:2
load:0x3fff0030,len:7172
load:0x40078000,len:15540
load:0x40080400,len:4
ho 8 tail 4 room 4
load:0x40080404,len:3904
entry 0x40080640
[0;32mI (31) boot: ESP-IDF v5.2.1 2nd stage bootloader[0m
[0;32mI (31) boot: compile time Mar 27 2024 19:50:26[0m
[0;32mI (31) boot: Multicore bootloader[0m
[0;32mI (35) boot: chip revision: v3.0[0m
[0;32mI (39) boot.esp32: SPI Speed      : 40MHz[0m
[0;32mI (44) boot.esp32: SPI Mode       : DIO[0m
[0;32mI (48) boot.esp32: SPI Flash Size : 2MB[0m
[0;32mI (53) boot: Enabling RNG early entropy source...[0m
[0;32mI (58) boot: Partition Table:[0m
[0;32mI (62) boot: ## Label            Usage          Type ST Offset   Length[0m
[0;32mI (69) boot:  0 nvs              WiFi data        01 02 00009000 00006000[0m
[0;32mI (77) boot:  1 phy_init         RF data          01 01 0000f000 00001000[0m
[0;32mI (84) boot:  2 factory          factory app      00 00 00010000 00100000[0m
[0;32mI (92) boot: End of partition table[0m
[0;32mI (96) esp_image: segment 0: paddr=00010020 vaddr=3f400020 size=24990h (149904) map[0m
[0;32mI (156) esp_image: segment 1: paddr=000349b8 vaddr=3ffb0000 size=03bd4h ( 15316) load[0m
[0;32mI (162) esp_image: segment 2: paddr=00038594 vaddr=40080000 size=07a84h ( 31364) load[0m
[0;32mI (174) esp_image: segment 3: paddr=00040020 vaddr=400d0020 size=92e68h (601704) map[0m
[0;32mI (380) esp_image: segment 4: paddr=000d2e90 vaddr=40087a84 size=0ebf8h ( 60408) load[0m
[0;32mI (416) boot: Loaded app from partition at offset 0x10000[0m
[0;32mI (416) boot: Disabling RNG early entropy source...[0m
[0;32mI (427) cpu_start: Multicore app[0m
[0;32mI (436) cpu_start: Pro cpu start user code[0m
[0;32mI (436) cpu_start: cpu freq: 160000000 Hz[0m
[0;32mI (436) cpu_start: Application information:[0m
[0;32mI (439) cpu_start: Project name:     ESP_Test[0m
[0;32mI (444) cpu_start: App version:      1[0m
[0;32mI (449) cpu_start: Compile time:     Mar 27 2024 19:50:19[0m
[0;32mI (455) cpu_start: ELF file SHA256:  a28c51375...[0m
[0;32mI (460) cpu_start: ESP-IDF:          v5.2.1[0m
[0;32mI (465) cpu_start: Min chip rev:     v0.0[0m
[0;32mI (470) cpu_start: Max chip rev:     v3.99 [0m
[0;32mI (474) cpu_start: Chip rev:         v3.0[0m
[0;32mI (479) heap_init: Initializing. RAM available for dynamic allocation:[0m
[0;32mI (486) heap_init: At 3FFAE6E0 len 00001920 (6 KiB): DRAM[0m
[0;32mI (492) heap_init: At 3FFB8470 len 00027B90 (158 KiB): DRAM[0m
[0;32mI (499) heap_init: At 3FFE0440 len 00003AE0 (14 KiB): D/IRAM[0m
[0;32mI (505) heap_init: At 3FFE4350 len 0001BCB0 (111 KiB): D/IRAM[0m
[0;32mI (511) heap_init: At 4009667C len 00009984 (38 KiB): IRAM[0m
[0;32mI (519) spi_flash: detected chip: generic[0m
[0;32mI (522) spi_flash: flash io: dio[0m
[0;33mW (526) spi_flash: Detected size(4096k) larger than the size in the binary image header(2048k). Using the size in the binary image header.[0m
[0;32mI (540) main_task: Started on CPU0[0m
[0;32mI (550) main_task: Calling app_main()[0m
I (600) wifi:wifi driver task: 3ffc0740, prio:23, stack:6656, core=0
I (620) wifi:wifi firmware version: a9f5b59
I (620) wifi:wifi certification version: v7.0
I (620) wifi:config NVS flash: enabled
I (620) wifi:config nano formating: disabled
I (630) wifi:Init data frame dynamic rx buffer num: 32
I (630) wifi:Init static rx mgmt buffer num: 5
I (640) wifi:Init management short buffer num: 32
I (640) wifi:Init dynamic tx buffer num: 32
I (640) wifi:Init static rx buffer size: 1600
I (650) wifi:Init static rx buffer num: 10
I (650) wifi:Init dynamic rx buffer num: 32
[0;32mI (660) wifi_init: rx ba win: 6[0m
[0;32mI (660) wifi_init: tcpip mbox: 32[0m
[0;32mI (660) wifi_init: udp mbox: 6[0m
[0;32mI (670) wifi_init: tcp mbox: 6[0m
[0;32mI (670) wifi_init: tcp tx win: 5760[0m
[0;32mI (680) wifi_init: tcp rx win: 5760[0m
[0;32mI (680) wifi_init: tcp mss: 1440[0m
[0;32mI (680) wifi_init: WiFi IRAM OP enabled[0m
[0;32mI (690) wifi_init: WiFi RX IRAM OP enabled[0m
[0;32mI (700) phy_init: phy_version 4791,2c4672b,Dec 20 2023,16:06:06[0m
I (790) wifi:mode : sta (a8:42:e3:90:af:c4) + softAP (a8:42:e3:90:af:c5)
I (790) wifi:enable tsf
I (800) wifi:Total power save buffer number: 16
I (800) wifi:Init max length of beacon: 752/752
I (800) wifi:Init max length of beacon: 752/752
E (810) wifi:sta is connecting, return error
[0;32mI (810) esp_netif_lwip: DHCP server started on interface WIFI_AP_DEF with IP: 192.168.10.1[0m
I (810) wifi:new:<1,1>, old:<1,1>, ap:<1,1>, sta:<1,0>, prof:1
I (820) wifi:state: init -> auth (b0)
I (830) wifi:state: auth -> assoc (0)
[0;32mI (840) webserver: Starting server on port: '80'[0m
I (840) wifi:state: assoc -> run (10)
[0;32mI (840) webserver: Registering URI handlers[0m
[0;32mI (840) main_task: Returned from app_main()[0m
I (860) wifi:connected with AirPort-5G, aid = 9, channel 1, BW20, bssid = 22:06:24:83:bd:c2
I (860) wifi:security: WPA2-PSK, phy: bgn, rssi: -55
I (870) wifi:pm start, type: 1

I (870) wifi:dp: 1, bi: 102400, li: 3, scale listen interval from 307200 us to 307200 us
I (880) wifi:AP's beacon interval = 102400 us, DTIM period = 1
I (1290) wifi:<ba-add>idx:0 (ifx:0, 22:06:24:83:bd:c2), tid:0, ssn:0, winSize:64
[0;32mI (1880) esp_netif_handlers: sta ip: 192.168.2.36, mask: 255.255.255.0, gw: 192.168.2.1[0m
[0;32mI (1880) wifi_module: got ip:192.168.2.36[0m
[0;32mI (12350) webserver: Received: ssid=abced&password=sjdkfjsdkfj[0m
[0;33mW (12360) httpd_txrx: httpd_resp_send_err: 400 Bad Request - Invalid JSON[0m
[0;33mW (12360) httpd_uri: httpd_uri: uri handler execution failed[0m
[0;32mI (174050) webserver: Received: ssid=AirPort-5G&password=%23%23%23732%23%23%23ï¿½?#	[0m
[0;33mW (174050) httpd_txrx: httpd_resp_send_err: 400 Bad Request - Invalid JSON[0m
[0;33mW (174060) httpd_uri: httpd_uri: uri handler execution failed[0m
[0;32mI (350690) webserver: Received: ----------------------------860326006825669697041527
Content-Disposition: form-data; name="ssid"
[0m
[0;33mW (350690) httpd_txrx: httpd_resp_send_err: 400 Bad Request - Invalid JSON[0m
[0;33mW (350700) httpd_uri: httpd_uri: uri handler execution failed[0m
[0;32mI (397680) webserver: Received: {
    "ssid": "AirPort-5G",
    "password": "###732###",
}[0m
[0;33mW (397680) httpd_txrx: httpd_resp_send_err: 400 Bad Request - Invalid JSON[0m
[0;33mW (397690) httpd_uri: httpd_uri: uri handler execution failed[0m
ets Jul 29 2019 12:21:46

rst:0x1 (POWERON_RESET),boot:0x2 (DOWNLOAD_BOOT(UART0/UART1/SDIO_REI_FEO_V2))
waiting for download
